/var/lib/xymon
/var/lib/xymon/client
/var/lib/xymon/client/bin
/var/lib/xymon/client/bin/clientupdate
/var/lib/xymon/client/bin/logfetch
/var/lib/xymon/client/bin/msgcache
/var/lib/xymon/client/bin/orcaxymon
/var/lib/xymon/client/bin/xymon
/var/lib/xymon/client/bin/xymoncfg
/var/lib/xymon/client/bin/xymonclient-aix.sh
/var/lib/xymon/client/bin/xymonclient-darwin.sh
/var/lib/xymon/client/bin/xymonclient-freebsd.sh
/var/lib/xymon/client/bin/xymonclient-hp-ux.sh
/var/lib/xymon/client/bin/xymonclient-irix.sh
/var/lib/xymon/client/bin/xymonclient-linux.sh
/var/lib/xymon/client/bin/xymonclient-netbsd.sh
/var/lib/xymon/client/bin/xymonclient-openbsd.sh
/var/lib/xymon/client/bin/xymonclient-osf1.sh
/var/lib/xymon/client/bin/xymonclient-sco_sv.sh
/var/lib/xymon/client/bin/xymonclient-sunos.sh
/var/lib/xymon/client/bin/xymonclient-unixware.sh
/var/lib/xymon/client/bin/xymonclient.sh
/var/lib/xymon/client/bin/xymoncmd
/var/lib/xymon/client/bin/xymondigest
/var/lib/xymon/client/bin/xymongrep
/var/lib/xymon/client/bin/xymonlaunch
/var/lib/xymon/client/etc
/var/lib/xymon/client/etc/clientlaunch.cfg
/var/lib/xymon/client/etc/localclient.cfg
/var/lib/xymon/client/etc/xymonclient.cfg
/var/lib/xymon/client/ext
/var/lib/xymon/client/local
/var/lib/xymon/client/local/README
/var/lib/xymon/client/logs
/var/lib/xymon/client/runclient.sh
/var/lib/xymon/client/tmp
