/var/lib/xymon
/var/lib/xymon/cgi-bin
/var/lib/xymon/cgi-bin/acknowledgements.sh
/var/lib/xymon/cgi-bin/appfeed-critical.sh
/var/lib/xymon/cgi-bin/appfeed.sh
/var/lib/xymon/cgi-bin/certreport.sh
/var/lib/xymon/cgi-bin/columndoc.sh
/var/lib/xymon/cgi-bin/confreport-critical.sh
/var/lib/xymon/cgi-bin/confreport.sh
/var/lib/xymon/cgi-bin/criticalview.sh
/var/lib/xymon/cgi-bin/csvinfo.sh
/var/lib/xymon/cgi-bin/datepage.sh
/var/lib/xymon/cgi-bin/eventlog.sh
/var/lib/xymon/cgi-bin/findhost.sh
/var/lib/xymon/cgi-bin/ghostlist.sh
/var/lib/xymon/cgi-bin/history.sh
/var/lib/xymon/cgi-bin/historylog.sh
/var/lib/xymon/cgi-bin/hostgraphs.sh
/var/lib/xymon/cgi-bin/hostlist.sh
/var/lib/xymon/cgi-bin/nongreen.sh
/var/lib/xymon/cgi-bin/notifications.sh
/var/lib/xymon/cgi-bin/perfdata.sh
/var/lib/xymon/cgi-bin/report.sh
/var/lib/xymon/cgi-bin/reportlog.sh
/var/lib/xymon/cgi-bin/showgraph.sh
/var/lib/xymon/cgi-bin/snapshot.sh
/var/lib/xymon/cgi-bin/svcstatus.sh
/var/lib/xymon/cgi-bin/topchanges.sh
/var/lib/xymon/cgi-secure
/var/lib/xymon/cgi-secure/ackinfo.sh
/var/lib/xymon/cgi-secure/acknowledge.sh
/var/lib/xymon/cgi-secure/chpasswd.sh
/var/lib/xymon/cgi-secure/criticaleditor.sh
/var/lib/xymon/cgi-secure/enadis.sh
/var/lib/xymon/cgi-secure/useradm.sh
/var/lib/xymon/client
/var/lib/xymon/client/bin
/var/lib/xymon/client/bin/clientupdate
/var/lib/xymon/client/bin/logfetch
/var/lib/xymon/client/bin/msgcache
/var/lib/xymon/client/bin/orcaxymon
/var/lib/xymon/client/bin/xymon
/var/lib/xymon/client/bin/xymoncfg
/var/lib/xymon/client/bin/xymonclient-aix.sh
/var/lib/xymon/client/bin/xymonclient-darwin.sh
/var/lib/xymon/client/bin/xymonclient-freebsd.sh
/var/lib/xymon/client/bin/xymonclient-hp-ux.sh
/var/lib/xymon/client/bin/xymonclient-irix.sh
/var/lib/xymon/client/bin/xymonclient-linux.sh
/var/lib/xymon/client/bin/xymonclient-netbsd.sh
/var/lib/xymon/client/bin/xymonclient-openbsd.sh
/var/lib/xymon/client/bin/xymonclient-osf1.sh
/var/lib/xymon/client/bin/xymonclient-sco_sv.sh
/var/lib/xymon/client/bin/xymonclient-sunos.sh
/var/lib/xymon/client/bin/xymonclient-unixware.sh
/var/lib/xymon/client/bin/xymonclient.sh
/var/lib/xymon/client/bin/xymoncmd
/var/lib/xymon/client/bin/xymondigest
/var/lib/xymon/client/bin/xymongrep
/var/lib/xymon/client/bin/xymonlaunch
/var/lib/xymon/client/etc
/var/lib/xymon/client/etc/clientlaunch.cfg
/var/lib/xymon/client/etc/clientlaunch.cfg.bak
/var/lib/xymon/client/etc/localclient.cfg
/var/lib/xymon/client/etc/xymonclient.cfg
/var/lib/xymon/client/etc/xymonclient.cfg.bak
/var/lib/xymon/client/ext
/var/lib/xymon/client/local
/var/lib/xymon/client/local/README
/var/lib/xymon/client/logs
/var/lib/xymon/client/runclient.sh
/var/lib/xymon/client/tmp
/var/lib/xymon/data
/var/lib/xymon/data/acks
/var/lib/xymon/data/data
/var/lib/xymon/data/disabled
/var/lib/xymon/data/hist
/var/lib/xymon/data/histlogs
/var/lib/xymon/data/hostdata
/var/lib/xymon/data/logs
/var/lib/xymon/data/rrd
/var/lib/xymon/install-cmake-legacy.log
/var/lib/xymon/server
/var/lib/xymon/server/bin
/var/lib/xymon/server/bin/ackinfo.cgi
/var/lib/xymon/server/bin/acknowledge.cgi
/var/lib/xymon/server/bin/acknowledgements.cgi
/var/lib/xymon/server/bin/appfeed.cgi
/var/lib/xymon/server/bin/bb
/var/lib/xymon/server/bin/bbcmd
/var/lib/xymon/server/bin/bbdigest
/var/lib/xymon/server/bin/bbhostgrep
/var/lib/xymon/server/bin/bbhostshow
/var/lib/xymon/server/bin/beastat
/var/lib/xymon/server/bin/boilerplate.cgi
/var/lib/xymon/server/bin/cgiwrap
/var/lib/xymon/server/bin/chpasswd.cgi
/var/lib/xymon/server/bin/combostatus
/var/lib/xymon/server/bin/confreport.cgi
/var/lib/xymon/server/bin/convertnk
/var/lib/xymon/server/bin/criticaleditor.cgi
/var/lib/xymon/server/bin/criticalview.cgi
/var/lib/xymon/server/bin/csvinfo.cgi
/var/lib/xymon/server/bin/datepage.cgi
/var/lib/xymon/server/bin/enadis.cgi
/var/lib/xymon/server/bin/eventlog.cgi
/var/lib/xymon/server/bin/findhost.cgi
/var/lib/xymon/server/bin/ghostlist.cgi
/var/lib/xymon/server/bin/history.cgi
/var/lib/xymon/server/bin/hostgraphs.cgi
/var/lib/xymon/server/bin/hostlist.cgi
/var/lib/xymon/server/bin/moverrd.sh
/var/lib/xymon/server/bin/notifications.cgi
/var/lib/xymon/server/bin/perfdata.cgi
/var/lib/xymon/server/bin/report.cgi
/var/lib/xymon/server/bin/reportlog.cgi
/var/lib/xymon/server/bin/rrdcachectl
/var/lib/xymon/server/bin/showgraph.cgi
/var/lib/xymon/server/bin/snapshot.cgi
/var/lib/xymon/server/bin/statusreport.cgi
/var/lib/xymon/server/bin/svcstatus.cgi
/var/lib/xymon/server/bin/trimhistory
/var/lib/xymon/server/bin/useradm.cgi
/var/lib/xymon/server/bin/xymon
/var/lib/xymon/server/bin/xymon-mailack
/var/lib/xymon/server/bin/xymon.sh
/var/lib/xymon/server/bin/xymoncfg
/var/lib/xymon/server/bin/xymoncgimsg.cgi
/var/lib/xymon/server/bin/xymoncmd
/var/lib/xymon/server/bin/xymond
/var/lib/xymon/server/bin/xymond_alert
/var/lib/xymon/server/bin/xymond_capture
/var/lib/xymon/server/bin/xymond_channel
/var/lib/xymon/server/bin/xymond_client
/var/lib/xymon/server/bin/xymond_distribute
/var/lib/xymon/server/bin/xymond_filestore
/var/lib/xymon/server/bin/xymond_history
/var/lib/xymon/server/bin/xymond_hostdata
/var/lib/xymon/server/bin/xymond_locator
/var/lib/xymon/server/bin/xymond_rrd
/var/lib/xymon/server/bin/xymond_sample
/var/lib/xymon/server/bin/xymondigest
/var/lib/xymon/server/bin/xymonfetch
/var/lib/xymon/server/bin/xymongen
/var/lib/xymon/server/bin/xymongrep
/var/lib/xymon/server/bin/xymonlaunch
/var/lib/xymon/server/bin/xymonnet
/var/lib/xymon/server/bin/xymonpage
/var/lib/xymon/server/bin/xymonping
/var/lib/xymon/server/bin/xymonproxy
/var/lib/xymon/server/bin/xymonreports.sh
/var/lib/xymon/server/download
/var/lib/xymon/server/etc
/var/lib/xymon/server/etc/alerts.cfg
/var/lib/xymon/server/etc/analysis.cfg
/var/lib/xymon/server/etc/cgioptions.cfg
/var/lib/xymon/server/etc/cgioptions.cfg.bak
/var/lib/xymon/server/etc/client-local.cfg
/var/lib/xymon/server/etc/client-local.cfg.bak
/var/lib/xymon/server/etc/columndoc.csv
/var/lib/xymon/server/etc/columndoc.csv.bak
/var/lib/xymon/server/etc/combo.cfg
/var/lib/xymon/server/etc/critical.cfg
/var/lib/xymon/server/etc/critical.cfg.bak
/var/lib/xymon/server/etc/graphs.cfg
/var/lib/xymon/server/etc/graphs.cfg.bak
/var/lib/xymon/server/etc/holidays.cfg
/var/lib/xymon/server/etc/hosts.cfg
/var/lib/xymon/server/etc/protocols.cfg
/var/lib/xymon/server/etc/protocols.cfg.bak
/var/lib/xymon/server/etc/rrddefinitions.cfg
/var/lib/xymon/server/etc/snmpmibs.cfg
/var/lib/xymon/server/etc/tasks.cfg
/var/lib/xymon/server/etc/tasks.cfg.bak
/var/lib/xymon/server/etc/tasks.d
/var/lib/xymon/server/etc/xymon-apache.conf
/var/lib/xymon/server/etc/xymonmenu.cfg
/var/lib/xymon/server/etc/xymonserver.cfg
/var/lib/xymon/server/etc/xymonserver.cfg.bak
/var/lib/xymon/server/ext
/var/lib/xymon/server/ext/xymonnet-again.sh
/var/lib/xymon/server/man
/var/lib/xymon/server/man/man1
/var/lib/xymon/server/man/man1/ackinfo.cgi.1
/var/lib/xymon/server/man/man1/acknowledge.cgi.1
/var/lib/xymon/server/man/man1/appfeed.cgi.1
/var/lib/xymon/server/man/man1/clientupdate.1
/var/lib/xymon/server/man/man1/combostatus.1
/var/lib/xymon/server/man/man1/confreport.cgi.1
/var/lib/xymon/server/man/man1/criticaleditor.cgi.1
/var/lib/xymon/server/man/man1/criticalview.cgi.1
/var/lib/xymon/server/man/man1/csvinfo.cgi.1
/var/lib/xymon/server/man/man1/datepage.cgi.1
/var/lib/xymon/server/man/man1/eventlog.cgi.1
/var/lib/xymon/server/man/man1/findhost.cgi.1
/var/lib/xymon/server/man/man1/ghostlist.cgi.1
/var/lib/xymon/server/man/man1/history.cgi.1
/var/lib/xymon/server/man/man1/hostgraphs.cgi.1
/var/lib/xymon/server/man/man1/logfetch.1
/var/lib/xymon/server/man/man1/orcaxymon.1
/var/lib/xymon/server/man/man1/report.cgi.1
/var/lib/xymon/server/man/man1/reportlog.cgi.1
/var/lib/xymon/server/man/man1/showgraph.cgi.1
/var/lib/xymon/server/man/man1/snapshot.cgi.1
/var/lib/xymon/server/man/man1/statusreport.cgi.1
/var/lib/xymon/server/man/man1/svcstatus.cgi.1
/var/lib/xymon/server/man/man1/xymon.1
/var/lib/xymon/server/man/man1/xymoncfg.1
/var/lib/xymon/server/man/man1/xymoncmd.1
/var/lib/xymon/server/man/man1/xymondigest.1
/var/lib/xymon/server/man/man1/xymongen.1
/var/lib/xymon/server/man/man1/xymongrep.1
/var/lib/xymon/server/man/man1/xymonnet-again.sh.1
/var/lib/xymon/server/man/man1/xymonnet.1
/var/lib/xymon/server/man/man1/xymonpage.cgi.1
/var/lib/xymon/server/man/man1/xymonping.1
/var/lib/xymon/server/man/man5
/var/lib/xymon/server/man/man5/alerts.cfg.5
/var/lib/xymon/server/man/man5/analysis.cfg.5
/var/lib/xymon/server/man/man5/cgioptions.cfg.5
/var/lib/xymon/server/man/man5/client-local.cfg.5
/var/lib/xymon/server/man/man5/clientlaunch.cfg.5
/var/lib/xymon/server/man/man5/combo.cfg.5
/var/lib/xymon/server/man/man5/critical.cfg.5
/var/lib/xymon/server/man/man5/graphs.cfg.5
/var/lib/xymon/server/man/man5/hosts.cfg.5
/var/lib/xymon/server/man/man5/protocols.cfg.5
/var/lib/xymon/server/man/man5/tasks.cfg.5
/var/lib/xymon/server/man/man5/xymon-xmh.5
/var/lib/xymon/server/man/man5/xymonclient.cfg.5
/var/lib/xymon/server/man/man5/xymonserver.cfg.5
/var/lib/xymon/server/man/man5/xymonweb.5
/var/lib/xymon/server/man/man5/xymonwebaccess.5
/var/lib/xymon/server/man/man7
/var/lib/xymon/server/man/man7/xymon.7
/var/lib/xymon/server/man/man8
/var/lib/xymon/server/man/man8/enadis.cgi.8
/var/lib/xymon/server/man/man8/msgcache.8
/var/lib/xymon/server/man/man8/trimhistory.8
/var/lib/xymon/server/man/man8/xymon-mailack.8
/var/lib/xymon/server/man/man8/xymoncgimsg.cgi.8
/var/lib/xymon/server/man/man8/xymond.8
/var/lib/xymon/server/man/man8/xymond_alert.8
/var/lib/xymon/server/man/man8/xymond_capture.8
/var/lib/xymon/server/man/man8/xymond_channel.8
/var/lib/xymon/server/man/man8/xymond_client.8
/var/lib/xymon/server/man/man8/xymond_distribute.8
/var/lib/xymon/server/man/man8/xymond_filestore.8
/var/lib/xymon/server/man/man8/xymond_history.8
/var/lib/xymon/server/man/man8/xymond_hostdata.8
/var/lib/xymon/server/man/man8/xymond_rrd.8
/var/lib/xymon/server/man/man8/xymond_sample.8
/var/lib/xymon/server/man/man8/xymonfetch.8
/var/lib/xymon/server/man/man8/xymonlaunch.8
/var/lib/xymon/server/man/man8/xymonproxy.8
/var/lib/xymon/server/tmp
/var/lib/xymon/server/web
/var/lib/xymon/server/web/acknowledge_footer
/var/lib/xymon/server/web/acknowledge_form
/var/lib/xymon/server/web/acknowledge_header
/var/lib/xymon/server/web/acknowledgements_footer
/var/lib/xymon/server/web/acknowledgements_form
/var/lib/xymon/server/web/acknowledgements_header
/var/lib/xymon/server/web/chpasswd_footer
/var/lib/xymon/server/web/chpasswd_form
/var/lib/xymon/server/web/chpasswd_header
/var/lib/xymon/server/web/columndoc_footer
/var/lib/xymon/server/web/columndoc_header
/var/lib/xymon/server/web/confreport_back
/var/lib/xymon/server/web/confreport_footer
/var/lib/xymon/server/web/confreport_front
/var/lib/xymon/server/web/confreport_header
/var/lib/xymon/server/web/critack_form
/var/lib/xymon/server/web/critedit_footer
/var/lib/xymon/server/web/critedit_form
/var/lib/xymon/server/web/critedit_header
/var/lib/xymon/server/web/critical_footer
/var/lib/xymon/server/web/critical_header
/var/lib/xymon/server/web/critmulti_header
/var/lib/xymon/server/web/divider_footer
/var/lib/xymon/server/web/divider_header
/var/lib/xymon/server/web/event_footer
/var/lib/xymon/server/web/event_form
/var/lib/xymon/server/web/event_header
/var/lib/xymon/server/web/findhost_footer
/var/lib/xymon/server/web/findhost_form
/var/lib/xymon/server/web/findhost_header
/var/lib/xymon/server/web/ghosts_footer
/var/lib/xymon/server/web/ghosts_header
/var/lib/xymon/server/web/graphs_footer
/var/lib/xymon/server/web/graphs_header
/var/lib/xymon/server/web/hist_footer
/var/lib/xymon/server/web/hist_header
/var/lib/xymon/server/web/histlog_footer
/var/lib/xymon/server/web/histlog_header
/var/lib/xymon/server/web/hostgraphs_footer
/var/lib/xymon/server/web/hostgraphs_form
/var/lib/xymon/server/web/hostgraphs_header
/var/lib/xymon/server/web/hostlist_footer
/var/lib/xymon/server/web/hostlist_form
/var/lib/xymon/server/web/hostlist_header
/var/lib/xymon/server/web/hostsvc_footer
/var/lib/xymon/server/web/hostsvc_header
/var/lib/xymon/server/web/info_footer
/var/lib/xymon/server/web/info_header
/var/lib/xymon/server/web/maint_footer
/var/lib/xymon/server/web/maint_form
/var/lib/xymon/server/web/maint_header
/var/lib/xymon/server/web/maintact_footer
/var/lib/xymon/server/web/maintact_header
/var/lib/xymon/server/web/notify_footer
/var/lib/xymon/server/web/notify_form
/var/lib/xymon/server/web/notify_header
/var/lib/xymon/server/web/perfdata_footer
/var/lib/xymon/server/web/perfdata_form
/var/lib/xymon/server/web/perfdata_header
/var/lib/xymon/server/web/replog_footer
/var/lib/xymon/server/web/replog_header
/var/lib/xymon/server/web/repnormal_footer
/var/lib/xymon/server/web/repnormal_header
/var/lib/xymon/server/web/report_footer
/var/lib/xymon/server/web/report_form
/var/lib/xymon/server/web/report_form_daily
/var/lib/xymon/server/web/report_form_monthly
/var/lib/xymon/server/web/report_form_weekly
/var/lib/xymon/server/web/report_header
/var/lib/xymon/server/web/snapcritical_footer
/var/lib/xymon/server/web/snapcritical_header
/var/lib/xymon/server/web/snapnongreen_footer
/var/lib/xymon/server/web/snapnongreen_header
/var/lib/xymon/server/web/snapnormal_footer
/var/lib/xymon/server/web/snapnormal_header
/var/lib/xymon/server/web/snapshot_footer
/var/lib/xymon/server/web/snapshot_form
/var/lib/xymon/server/web/snapshot_header
/var/lib/xymon/server/web/stdcritical_footer
/var/lib/xymon/server/web/stdcritical_header
/var/lib/xymon/server/web/stdnongreen_footer
/var/lib/xymon/server/web/stdnongreen_header
/var/lib/xymon/server/web/stdnormal_footer
/var/lib/xymon/server/web/stdnormal_header
/var/lib/xymon/server/web/topchanges_footer
/var/lib/xymon/server/web/topchanges_form
/var/lib/xymon/server/web/topchanges_header
/var/lib/xymon/server/web/trends_footer
/var/lib/xymon/server/web/trends_form
/var/lib/xymon/server/web/trends_header
/var/lib/xymon/server/web/useradm_footer
/var/lib/xymon/server/web/useradm_form
/var/lib/xymon/server/web/useradm_header
/var/lib/xymon/server/web/zoom.js
/var/lib/xymon/server/www
/var/lib/xymon/server/www/gifs
/var/lib/xymon/server/www/gifs/README
/var/lib/xymon/server/www/gifs/arrow.gif
/var/lib/xymon/server/www/gifs/bkg-blue.gif
/var/lib/xymon/server/www/gifs/bkg-clear.gif
/var/lib/xymon/server/www/gifs/bkg-green.gif
/var/lib/xymon/server/www/gifs/bkg-purple.gif
/var/lib/xymon/server/www/gifs/bkg-red.gif
/var/lib/xymon/server/www/gifs/bkg-yellow.gif
/var/lib/xymon/server/www/gifs/blue-ack.gif
/var/lib/xymon/server/www/gifs/blue-recent.gif
/var/lib/xymon/server/www/gifs/blue.gif
/var/lib/xymon/server/www/gifs/clear-recent.gif
/var/lib/xymon/server/www/gifs/clear.gif
/var/lib/xymon/server/www/gifs/favicon-blue.ico
/var/lib/xymon/server/www/gifs/favicon-clear.ico
/var/lib/xymon/server/www/gifs/favicon-green.ico
/var/lib/xymon/server/www/gifs/favicon-purple.ico
/var/lib/xymon/server/www/gifs/favicon-red.ico
/var/lib/xymon/server/www/gifs/favicon-unknown.ico
/var/lib/xymon/server/www/gifs/favicon-yellow.ico
/var/lib/xymon/server/www/gifs/green-ack.gif
/var/lib/xymon/server/www/gifs/green-recent.gif
/var/lib/xymon/server/www/gifs/green.gif
/var/lib/xymon/server/www/gifs/purple-ack.gif
/var/lib/xymon/server/www/gifs/purple-recent.gif
/var/lib/xymon/server/www/gifs/purple.gif
/var/lib/xymon/server/www/gifs/red-ack.gif
/var/lib/xymon/server/www/gifs/red-recent.gif
/var/lib/xymon/server/www/gifs/red.gif
/var/lib/xymon/server/www/gifs/unknown-recent.gif
/var/lib/xymon/server/www/gifs/unknown.gif
/var/lib/xymon/server/www/gifs/xymonbody.css
/var/lib/xymon/server/www/gifs/yellow-ack.gif
/var/lib/xymon/server/www/gifs/yellow-recent.gif
/var/lib/xymon/server/www/gifs/yellow.gif
/var/lib/xymon/server/www/gifs/zoom.gif
/var/lib/xymon/server/www/help
/var/lib/xymon/server/www/help/CMakeLists.txt
/var/lib/xymon/server/www/help/Renaming-430.txt
/var/lib/xymon/server/www/help/about.html
/var/lib/xymon/server/www/help/bb-to-xymon.html
/var/lib/xymon/server/www/help/clonewarn.jpg
/var/lib/xymon/server/www/help/configure.cmake.txt
/var/lib/xymon/server/www/help/configure.txt
/var/lib/xymon/server/www/help/criticalsystems.html
/var/lib/xymon/server/www/help/critview-detail-acked.jpg
/var/lib/xymon/server/www/help/critview-detail-ackform.jpg
/var/lib/xymon/server/www/help/critview-detail.jpg
/var/lib/xymon/server/www/help/critview-disk.jpg
/var/lib/xymon/server/www/help/critview-green.jpg
/var/lib/xymon/server/www/help/editor-clonemaster.jpg
/var/lib/xymon/server/www/help/editor-diskchanged.jpg
/var/lib/xymon/server/www/help/editor-disksetup.jpg
/var/lib/xymon/server/www/help/editor-main.jpg
/var/lib/xymon/server/www/help/editor-makeclone.jpg
/var/lib/xymon/server/www/help/editor-nohost.jpg
/var/lib/xymon/server/www/help/editor-showclone.jpg
/var/lib/xymon/server/www/help/howtograph.html
/var/lib/xymon/server/www/help/install.html
/var/lib/xymon/server/www/help/known-issues.html
/var/lib/xymon/server/www/help/mainview-acked.jpg
/var/lib/xymon/server/www/help/mainview.jpg
/var/lib/xymon/server/www/help/manpages
/var/lib/xymon/server/www/help/manpages/index.html
/var/lib/xymon/server/www/help/manpages/man1
/var/lib/xymon/server/www/help/manpages/man1/ackinfo.cgi.1.html
/var/lib/xymon/server/www/help/manpages/man1/acknowledge.cgi.1.html
/var/lib/xymon/server/www/help/manpages/man1/appfeed.cgi.1.html
/var/lib/xymon/server/www/help/manpages/man1/clientupdate.1.html
/var/lib/xymon/server/www/help/manpages/man1/combostatus.1.html
/var/lib/xymon/server/www/help/manpages/man1/confreport.cgi.1.html
/var/lib/xymon/server/www/help/manpages/man1/criticaleditor.cgi.1.html
/var/lib/xymon/server/www/help/manpages/man1/criticalview.cgi.1.html
/var/lib/xymon/server/www/help/manpages/man1/csvinfo.cgi.1.html
/var/lib/xymon/server/www/help/manpages/man1/datepage.cgi.1.html
/var/lib/xymon/server/www/help/manpages/man1/eventlog.cgi.1.html
/var/lib/xymon/server/www/help/manpages/man1/findhost.cgi.1.html
/var/lib/xymon/server/www/help/manpages/man1/ghostlist.cgi.1.html
/var/lib/xymon/server/www/help/manpages/man1/history.cgi.1.html
/var/lib/xymon/server/www/help/manpages/man1/hostgraphs.cgi.1.html
/var/lib/xymon/server/www/help/manpages/man1/logfetch.1.html
/var/lib/xymon/server/www/help/manpages/man1/orcaxymon.1.html
/var/lib/xymon/server/www/help/manpages/man1/report.cgi.1.html
/var/lib/xymon/server/www/help/manpages/man1/reportlog.cgi.1.html
/var/lib/xymon/server/www/help/manpages/man1/showgraph.cgi.1.html
/var/lib/xymon/server/www/help/manpages/man1/snapshot.cgi.1.html
/var/lib/xymon/server/www/help/manpages/man1/statusreport.cgi.1.html
/var/lib/xymon/server/www/help/manpages/man1/svcstatus.cgi.1.html
/var/lib/xymon/server/www/help/manpages/man1/xymon.1.html
/var/lib/xymon/server/www/help/manpages/man1/xymoncfg.1.html
/var/lib/xymon/server/www/help/manpages/man1/xymoncmd.1.html
/var/lib/xymon/server/www/help/manpages/man1/xymondigest.1.html
/var/lib/xymon/server/www/help/manpages/man1/xymongen.1.html
/var/lib/xymon/server/www/help/manpages/man1/xymongrep.1.html
/var/lib/xymon/server/www/help/manpages/man1/xymonnet-again.sh.1.html
/var/lib/xymon/server/www/help/manpages/man1/xymonnet.1.html
/var/lib/xymon/server/www/help/manpages/man1/xymonpage.cgi.1.html
/var/lib/xymon/server/www/help/manpages/man1/xymonping.1.html
/var/lib/xymon/server/www/help/manpages/man5
/var/lib/xymon/server/www/help/manpages/man5/alerts.cfg.5.html
/var/lib/xymon/server/www/help/manpages/man5/analysis.cfg.5.html
/var/lib/xymon/server/www/help/manpages/man5/cgioptions.cfg.5.html
/var/lib/xymon/server/www/help/manpages/man5/client-local.cfg.5.html
/var/lib/xymon/server/www/help/manpages/man5/clientlaunch.cfg.5.html
/var/lib/xymon/server/www/help/manpages/man5/combo.cfg.5.html
/var/lib/xymon/server/www/help/manpages/man5/critical.cfg.5.html
/var/lib/xymon/server/www/help/manpages/man5/graphs.cfg.5.html
/var/lib/xymon/server/www/help/manpages/man5/hosts.cfg.5.html
/var/lib/xymon/server/www/help/manpages/man5/protocols.cfg.5.html
/var/lib/xymon/server/www/help/manpages/man5/tasks.cfg.5.html
/var/lib/xymon/server/www/help/manpages/man5/xymon-xmh.5.html
/var/lib/xymon/server/www/help/manpages/man5/xymonclient.cfg.5.html
/var/lib/xymon/server/www/help/manpages/man5/xymonserver.cfg.5.html
/var/lib/xymon/server/www/help/manpages/man5/xymonweb.5.html
/var/lib/xymon/server/www/help/manpages/man5/xymonwebaccess.5.html
/var/lib/xymon/server/www/help/manpages/man7
/var/lib/xymon/server/www/help/manpages/man7/xymon.7.html
/var/lib/xymon/server/www/help/manpages/man8
/var/lib/xymon/server/www/help/manpages/man8/enadis.cgi.8.html
/var/lib/xymon/server/www/help/manpages/man8/msgcache.8.html
/var/lib/xymon/server/www/help/manpages/man8/trimhistory.8.html
/var/lib/xymon/server/www/help/manpages/man8/xymon-mailack.8.html
/var/lib/xymon/server/www/help/manpages/man8/xymoncgimsg.cgi.8.html
/var/lib/xymon/server/www/help/manpages/man8/xymond.8.html
/var/lib/xymon/server/www/help/manpages/man8/xymond_alert.8.html
/var/lib/xymon/server/www/help/manpages/man8/xymond_capture.8.html
/var/lib/xymon/server/www/help/manpages/man8/xymond_channel.8.html
/var/lib/xymon/server/www/help/manpages/man8/xymond_client.8.html
/var/lib/xymon/server/www/help/manpages/man8/xymond_distribute.8.html
/var/lib/xymon/server/www/help/manpages/man8/xymond_filestore.8.html
/var/lib/xymon/server/www/help/manpages/man8/xymond_history.8.html
/var/lib/xymon/server/www/help/manpages/man8/xymond_hostdata.8.html
/var/lib/xymon/server/www/help/manpages/man8/xymond_rrd.8.html
/var/lib/xymon/server/www/help/manpages/man8/xymond_sample.8.html
/var/lib/xymon/server/www/help/manpages/man8/xymonfetch.8.html
/var/lib/xymon/server/www/help/manpages/man8/xymonlaunch.8.html
/var/lib/xymon/server/www/help/manpages/man8/xymonproxy.8.html
/var/lib/xymon/server/www/help/stdview-detail-acked.jpg
/var/lib/xymon/server/www/help/upgrade-to-430.txt
/var/lib/xymon/server/www/help/xymon-alerts.html
/var/lib/xymon/server/www/help/xymon-apacheconf.txt
/var/lib/xymon/server/www/help/xymon-clients.png
/var/lib/xymon/server/www/help/xymon-config.html
/var/lib/xymon/server/www/help/xymon-hosts.png
/var/lib/xymon/server/www/help/xymon-mrtg.html
/var/lib/xymon/server/www/help/xymon-tips.html
/var/lib/xymon/server/www/help/xymonmain.png
/var/lib/xymon/server/www/help/xymonprocs.png
/var/lib/xymon/server/www/html
/var/lib/xymon/server/www/menu
/var/lib/xymon/server/www/menu/b2t-blue.gif
/var/lib/xymon/server/www/menu/b2t-grey.gif
/var/lib/xymon/server/www/menu/t2b-blue.gif
/var/lib/xymon/server/www/menu/t2b-grey.gif
/var/lib/xymon/server/www/menu/xymonmenu-blue.css
/var/lib/xymon/server/www/menu/xymonmenu-grey.css
/var/lib/xymon/server/www/notes
/var/lib/xymon/server/www/rep
/var/lib/xymon/server/www/snap
/var/lib/xymon/server/www/wml
/var/lib/xymon/server/xymon.sh
